<html>
<body>
<pre>
<h1>µVision Build Log</h1>
<h2>Tool Versions:</h2>
IDE-Version: µVision V5.22.0.0
Copyright (C) 2016 ARM Ltd and ARM Germany GmbH. All rights reserved.
License Information: Prajwal Sharma K, IIITB, LIC=----
 
Tool Versions:
Toolchain:       MDK-Lite  Version: 5.22
Toolchain Path:  C:\Keil_v5\ARM\ARMCC\Bin
C Compiler:      Armcc.exe V5.06 update 4 (build 422)
Assembler:       Armasm.exe V5.06 update 4 (build 422)
Linker/Locator:  ArmLink.exe V5.06 update 4 (build 422)
Library Manager: ArmAr.exe V5.06 update 4 (build 422)
Hex Converter:   FromElf.exe V5.06 update 4 (build 422)
CPU DLL:         SARMCM3.DLL V5.22
Dialog DLL:      DCM.DLL V1.13.9.0
Target DLL:      STLink\ST-LINKIII-KEIL_SWO.dll V2.0.18.0
Dialog DLL:      TCM.DLL V1.21.0.0
 
<h2>Project:</h2>
C:\Keil_v5\ARM\Boards\ST\STM32F4-Discovery\RoboticArm\project.uvprojx
Project File Date:  03/25/2017

<h2>Output:</h2>
*** Using Compiler 'V5.06 update 4 (build 422)', folder: 'C:\Keil_v5\ARM\ARMCC\Bin'
Rebuild target 'STM32F4-Discovery'
assembling startup_stm32f40_41xxx.s...
compiling misc.c...
compiling stm32f4xx_rcc.c...
compiling stm32f4xx_gpio.c...
compiling stm32f4xx_spi.c...
compiling tm_stm32f4_delay.c...
compiling tm_stm32f4_disco.c...
compiling tm_stm32f4_spi.c...
compiling tm_stm32f4_lis302dl_lis3dsh.c...
compiling tm_stm32f4_gpio.c...
compiling main.c...
compiling stm32f4xx_it.c...
compiling system_stm32f4xx.c...
linking...
Program Size: Code=7860 RO-data=424 RW-data=72 ZI-data=1680  
FromELF: creating hex file...
".\Targets\STM32F4_Discovery\project.axf" - 0 Error(s), 0 Warning(s).

<h2>Collection of Component include folders:</h2>
  C:\Keil_v5\ARM\Boards\ST\STM32F4-Discovery\RoboticArm\RTE\_STM32F4-Discovery
  C:\Keil_v5\ARM\PACK\Keil\STM32F4xx_DFP\2.11.0\Drivers\CMSIS\Device\ST\STM32F4xx\Include

<h2>Collection of Component Files used:</h2>
Build Time Elapsed:  00:00:09
</pre>
</body>
</html>
